INITIAL 跳到浏览内容
相声家谱
XIANGSHENG GENEALOGY
览谱
寻人
考据

循一脉，见传承

山水长卷
世代谱系
人物书笺
生平年表
说学逗唱 · 传承有序

当前人物：郭德纲 · 明字辈

选择师承游径
郭德纲一脉
侯宝林一脉
马三立一脉
马德禄一脉
刘宝瑞一脉
常宝堃一脉
高凤山一脉
切换平面谱系
展开全谱 · 338 人
群星相承
一人一星 · 一脉一河
当前：郭德纲
拖动旋转 · 滚轮缩放 · 点姓名查看师承
主线姓名 13/13 · 细线连接原星点；其他人物见目录
郭德纲
当前人物
展开传人 · 95
查看人物
师父与弟子 · 1 / 98
师承
不同说法

点姓名切换主线 · 拖动旋转 · 传人按钮展开 / 收起

已展 13 人 · 历史师承不等同组织归属

3D
字辈
全部
德
寿
宝
文
明
明
郭德纲

1973 —

明字辈 · 北京德云社

人物小传

相声演员，2004年拜侯耀文为师，是德云社创办人之一。本库保留有据可查的师承历史，并将弟子退社、家谱除名与公开分歧分别列入艺事年表。

师承补记 · 2 条
师承
侯耀文
代表作品
论捧逗
我是黑社会
西征梦
6 条事件与核验记录
展开人物书笺
在山水长卷中浏览
拖动平移 · 点选人物 · 展开支系
同一人物 · 多种阅法
全屏阅读
查看出处 []
主线姓名 13/13 · 细线连接原星点；其他人物见目录
{"observations":[{"name":"front","labels":"主线姓名 108/108 · 细线连接原星点；其他人物见目录"},{"name":"side","labels":"主线姓名 108/108 · 细线连接原星点；其他人物见目录"},{"name":"tilt","labels":"主线姓名 108/108 · 细线连接原星点；其他人物见目录"},{"name":"reverse","labels":"主线姓名 81/81 · 细线连接原星点；其他人物见目录"},{"name":"zoom-out","labels":"主线姓名 108/108 · 细线连接原星点；其他人物见目录"},{"name":"zoom-in","labels":"主线姓名 10/10 · 细线连接原星点；其他人物见目录"}],"errors":[],"close":{"open":false,"focus":"SUMMARY"},"overflow":false}
