
> xiangsheng-genealogy@1.0.0 build
> tsc -b && vite build

vite v7.3.6 building client environment for production...
transforming...
✓ 5913 modules transformed.
rendering chunks...
computing gzip size...
dist/index.html                                                     0.68 kB │ gzip:   0.43 kB
dist/assets/ma-shan-zheng-85-400-normal-BbxxTQhD.woff2              4.64 kB
dist/assets/ma-shan-zheng-46-400-normal-R2eQHfYk.woff2              4.85 kB
dist/assets/ma-shan-zheng-36-400-normal-BU2hjavm.woff2              4.90 kB
dist/assets/ma-shan-zheng-30-400-normal-CY4IJkTb.woff2              4.90 kB
dist/assets/ma-shan-zheng-85-400-normal-Kkzokuft.woff               5.29 kB
dist/assets/noto-serif-sc-87-600-normal-DV5DGk8Y.woff2              5.43 kB
dist/assets/ma-shan-zheng-30-400-normal-DmkJF8f5.woff               5.46 kB
dist/assets/noto-serif-sc-87-400-normal-Bvr1WGbA.woff2              5.46 kB
dist/assets/ma-shan-zheng-46-400-normal-mV-qARJ5.woff               5.46 kB
dist/assets/ma-shan-zheng-36-400-normal-b1dvZ3NP.woff               5.50 kB
dist/assets/noto-serif-sc-latin-ext-400-normal-gIH_qXVp.woff2       5.72 kB
dist/assets/noto-serif-sc-latin-ext-600-normal-CKIGwhVt.woff2       5.74 kB
dist/assets/noto-serif-sc-91-600-normal-IHzbmDKb.woff2              5.86 kB
dist/assets/noto-serif-sc-vietnamese-600-normal-IATmd2p1.woff2      5.87 kB
dist/assets/noto-serif-sc-91-400-normal-GiFB0QDv.woff2              5.88 kB
dist/assets/noto-serif-sc-90-600-normal-DEC_HMBk.woff2              5.93 kB
dist/assets/noto-serif-sc-90-400-normal-B4B7KpSz.woff2              5.95 kB
dist/assets/noto-serif-sc-vietnamese-400-normal-BDvw8C8Z.woff2      5.96 kB
dist/assets/noto-serif-sc-88-600-normal-DkXoJX-V.woff2              6.12 kB
dist/assets/noto-serif-sc-88-400-normal-w_viLXV3.woff2              6.15 kB
dist/assets/noto-serif-sc-87-400-normal-CKloka75.woff               6.66 kB
dist/assets/noto-serif-sc-87-600-normal-CKF4RKik.woff               6.69 kB
dist/assets/noto-serif-sc-99-600-normal-BU9QyKIb.woff2              6.88 kB
dist/assets/noto-serif-sc-99-400-normal-CcCfmhcb.woff2              6.92 kB
dist/assets/noto-serif-sc-89-600-normal-BDhAhJVX.woff2              6.94 kB
dist/assets/noto-serif-sc-89-400-normal-lCxVBzmS.woff2              6.99 kB
dist/assets/noto-serif-sc-latin-ext-400-normal-CijaIb19.woff        7.09 kB
dist/assets/noto-serif-sc-latin-ext-600-normal-CThywN6v.woff        7.18 kB
dist/assets/noto-serif-sc-91-400-normal-Cwm2bOFb.woff               7.31 kB
dist/assets/noto-serif-sc-91-600-normal-vLpwZzut.woff               7.36 kB
dist/assets/noto-serif-sc-88-600-normal-BSIsC0p_.woff               7.40 kB
dist/assets/noto-serif-sc-88-400-normal-r6dPzf1a.woff               7.40 kB
dist/assets/noto-serif-sc-vietnamese-400-normal-C4HoAX8X.woff       7.48 kB
dist/assets/noto-serif-sc-90-400-normal-DZ36dW0x.woff               7.50 kB
dist/assets/noto-serif-sc-90-600-normal-D6PfyWjD.woff               7.53 kB
dist/assets/noto-serif-sc-vietnamese-600-normal-BjxuXj--.woff       7.57 kB
dist/assets/ma-shan-zheng-21-400-normal-C07E4WnH.woff2              7.70 kB
dist/assets/noto-serif-sc-cyrillic-400-normal-E6O3Ay2Z.woff2        8.04 kB
dist/assets/noto-serif-sc-cyrillic-600-normal-C3MRdUTw.woff2        8.12 kB
dist/assets/noto-serif-sc-99-400-normal-BMA_h1wW.woff               8.42 kB
dist/assets/noto-serif-sc-99-600-normal-PUDYqOFt.woff               8.43 kB
dist/assets/ma-shan-zheng-21-400-normal-xFDsO43E.woff               8.48 kB
dist/assets/noto-serif-sc-cyrillic-400-normal-B5LkWReT.woff         8.79 kB
dist/assets/noto-serif-sc-89-400-normal-BPMWURLc.woff               8.82 kB
dist/assets/noto-serif-sc-cyrillic-600-normal-DM--ERCl.woff         8.85 kB
dist/assets/noto-serif-sc-89-600-normal-p6jJ4vd9.woff               8.86 kB
dist/assets/noto-serif-sc-6-600-normal-BD86pU7T.woff2               8.90 kB
dist/assets/noto-serif-sc-6-400-normal-DeDrdmIV.woff2               8.90 kB
dist/assets/ma-shan-zheng-5-400-normal-Bq5GgTIA.woff2              10.05 kB
dist/assets/noto-serif-sc-6-400-normal-XPf46RJm.woff               11.09 kB
dist/assets/noto-serif-sc-6-600-normal-DA8uaRLK.woff               11.18 kB
dist/assets/ma-shan-zheng-5-400-normal-CW8qIu0H.woff               11.76 kB
dist/assets/ma-shan-zheng-latin-400-normal-ZeYYHqEk.woff2          13.24 kB
dist/assets/ma-shan-zheng-119-400-normal-DRa8NKnf.woff2            13.39 kB
dist/assets/noto-serif-sc-21-400-normal-JNqf8ldM.woff2             13.97 kB
dist/assets/noto-serif-sc-21-600-normal-_PQd8BN_.woff2             14.11 kB
dist/assets/noto-serif-sc-5-400-normal-CK3rtlrp.woff2              14.84 kB
dist/assets/noto-serif-sc-5-600-normal-D3i69n09.woff2              14.95 kB
dist/assets/ma-shan-zheng-119-400-normal-D3r7JYKk.woff             15.24 kB
dist/assets/ma-shan-zheng-latin-400-normal-CtJdguPy.woff           15.32 kB
dist/assets/noto-serif-sc-21-400-normal-Cfh6gCBv.woff              16.54 kB
dist/assets/ma-shan-zheng-76-400-normal-CpRFShHm.woff2             16.85 kB
dist/assets/noto-serif-sc-21-600-normal-D_yF_Wxn.woff              16.88 kB
dist/assets/noto-serif-sc-5-400-normal-CF6r5Usd.woff               17.19 kB
dist/assets/noto-serif-sc-5-600-normal-DtnVZAMM.woff               17.21 kB
dist/assets/ma-shan-zheng-81-400-normal-BcylF9ON.woff2             17.47 kB
dist/assets/ma-shan-zheng-45-400-normal-CatJ_jFy.woff2             17.69 kB
dist/assets/ma-shan-zheng-76-400-normal-BXv3s73m.woff              18.18 kB
dist/assets/ma-shan-zheng-66-400-normal-qbYh_T3Q.woff2             18.20 kB
dist/assets/noto-serif-sc-latin-400-normal-bWtu-bD9.woff2          18.54 kB
dist/assets/noto-serif-sc-latin-600-normal-B99s59ZT.woff2          18.63 kB
dist/assets/ma-shan-zheng-75-400-normal-C6Bf3XCP.woff2             18.89 kB
dist/assets/ma-shan-zheng-81-400-normal-D6_ttq58.woff              18.94 kB
dist/assets/ma-shan-zheng-45-400-normal-VAXA70S2.woff              19.03 kB
dist/assets/ma-shan-zheng-66-400-normal-CrwjbDAQ.woff              19.61 kB
dist/assets/ma-shan-zheng-31-400-normal-DjHGIonS.woff2             20.02 kB
dist/assets/ma-shan-zheng-65-400-normal-CzQGD7r3.woff2             20.05 kB
dist/assets/ma-shan-zheng-75-400-normal-BKvzIi8P.woff              20.24 kB
dist/assets/ma-shan-zheng-62-400-normal-P7_w0gZo.woff2             20.69 kB
dist/assets/ma-shan-zheng-49-400-normal-CHlCeEpS.woff2             21.14 kB
dist/assets/ma-shan-zheng-82-400-normal-DjON1PDK.woff2             21.38 kB
dist/assets/ma-shan-zheng-71-400-normal-BCHrKK4b.woff2             21.41 kB
dist/assets/ma-shan-zheng-31-400-normal-Bb2C_YHW.woff              21.52 kB
dist/assets/ma-shan-zheng-65-400-normal-DiakZuvI.woff              21.61 kB
dist/assets/ma-shan-zheng-54-400-normal-C_60m8yT.woff2             21.77 kB
dist/assets/noto-serif-sc-85-400-normal-D6KUxyVS.woff2             21.82 kB
dist/assets/noto-serif-sc-85-600-normal-Cia0LasY.woff2             21.98 kB
dist/assets/ma-shan-zheng-84-400-normal-BJTVTjiM.woff2             22.13 kB
dist/assets/ma-shan-zheng-62-400-normal-CunIq7Pk.woff              22.24 kB
dist/assets/noto-serif-sc-latin-400-normal-DtFOq9cQ.woff           22.47 kB
dist/assets/noto-serif-sc-84-400-normal-Cm-NqSUF.woff2             22.55 kB
dist/assets/noto-serif-sc-latin-600-normal-DUu-MBTC.woff           22.55 kB
dist/assets/ma-shan-zheng-49-400-normal-CoWqS41m.woff              22.76 kB
dist/assets/noto-serif-sc-84-600-normal-C9alyfXE.woff2             22.87 kB
dist/assets/ma-shan-zheng-82-400-normal-D-WsP6x1.woff              23.04 kB
dist/assets/ma-shan-zheng-71-400-normal-D83AAYzF.woff              23.06 kB
dist/assets/ma-shan-zheng-54-400-normal-HAjPaayj.woff              23.35 kB
dist/assets/noto-serif-sc-80-400-normal-2KipuDMA.woff2             23.41 kB
dist/assets/ma-shan-zheng-73-400-normal-C23DMWjF.woff2             23.41 kB
dist/assets/ma-shan-zheng-25-400-normal-c1nuwwxz.woff2             23.72 kB
dist/assets/noto-serif-sc-80-600-normal-CDfycluH.woff2             23.86 kB
dist/assets/ma-shan-zheng-84-400-normal-BfBWE9_D.woff              23.95 kB
dist/assets/ma-shan-zheng-56-400-normal-BcTZbLTE.woff2             24.52 kB
dist/assets/ma-shan-zheng-58-400-normal-BoJjKnIQ.woff2             24.72 kB
dist/assets/ma-shan-zheng-74-400-normal-B-Ap-vMH.woff2             24.92 kB
dist/assets/ma-shan-zheng-83-400-normal-B_K-qqAC.woff2             24.95 kB
dist/assets/noto-serif-sc-86-400-normal-kyGCK9Xe.woff2             25.06 kB
dist/assets/noto-serif-sc-86-600-normal-5CAU0Sus.woff2             25.21 kB
dist/assets/ma-shan-zheng-73-400-normal-Dp_BIYuo.woff              25.29 kB
dist/assets/ma-shan-zheng-57-400-normal-VHUP65QG.woff2             25.36 kB
dist/assets/ma-shan-zheng-72-400-normal-DxDchQ37.woff2             25.42 kB
dist/assets/ma-shan-zheng-25-400-normal-CXvzrvNv.woff              25.42 kB
dist/assets/ma-shan-zheng-56-400-normal-SNc0Y8Ez.woff              26.36 kB
dist/assets/ma-shan-zheng-69-400-normal-BMFL6pur.woff2             26.37 kB
dist/assets/noto-serif-sc-41-400-normal-2yGRlUJ3.woff2             26.58 kB
dist/assets/ma-shan-zheng-58-400-normal-BQAcQMfy.woff              26.61 kB
dist/assets/noto-serif-sc-85-400-normal-Bv7wVtLA.woff              26.68 kB
dist/assets/ma-shan-zheng-74-400-normal-Bb12Buig.woff              26.72 kB
dist/assets/noto-serif-sc-85-600-normal-DgertXCd.woff              26.76 kB
dist/assets/ma-shan-zheng-83-400-normal-O8g781ZQ.woff              26.82 kB
dist/assets/noto-serif-sc-41-600-normal-YeKaF0XT.woff2             26.89 kB
dist/assets/noto-serif-sc-64-400-normal-CD7LrdzK.woff2             27.05 kB
dist/assets/ma-shan-zheng-59-400-normal-C5ceHmHu.woff2             27.17 kB
dist/assets/ma-shan-zheng-72-400-normal-4JYfrk9_.woff              27.19 kB
dist/assets/noto-serif-sc-77-400-normal-DXmeg5Qd.woff2             27.22 kB
dist/assets/noto-serif-sc-64-600-normal-BQ4G_liA.woff2             27.28 kB
dist/assets/ma-shan-zheng-57-400-normal-DKm73m3O.woff              27.33 kB
dist/assets/ma-shan-zheng-26-400-normal-Cfl3w_Iv.woff2             27.50 kB
dist/assets/noto-serif-sc-77-600-normal-DttXU36r.woff2             27.56 kB
dist/assets/ma-shan-zheng-64-400-normal-BDA_HCBy.woff2             27.61 kB
dist/assets/ma-shan-zheng-47-400-normal-C_PfDxWm.woff2             27.68 kB
dist/assets/noto-serif-sc-70-400-normal-DGgPTQo8.woff2             27.82 kB
dist/assets/noto-serif-sc-70-600-normal-B3KIj-92.woff2             28.12 kB
dist/assets/ma-shan-zheng-55-400-normal-BtM9JWJM.woff2             28.27 kB
dist/assets/ma-shan-zheng-69-400-normal-aU8uk3ut.woff              28.27 kB
dist/assets/ma-shan-zheng-78-400-normal-B9STG4W6.woff2             28.30 kB
dist/assets/noto-serif-sc-84-400-normal-CKytJC_6.woff              28.37 kB
dist/assets/noto-serif-sc-53-400-normal-DdrtXsQA.woff2             28.51 kB
dist/assets/noto-serif-sc-68-400-normal-S26xQ_RE.woff2             28.56 kB
dist/assets/noto-serif-sc-84-600-normal-D-7JRKTU.woff              28.61 kB
dist/assets/noto-serif-sc-53-600-normal-gS-rjJhY.woff2             28.91 kB
dist/assets/noto-serif-sc-80-400-normal-UnYsLqsD.woff              28.96 kB
dist/assets/noto-serif-sc-68-600-normal-Cu5PSJ9e.woff2             29.15 kB
dist/assets/noto-serif-sc-73-400-normal-CzLG5u1x.woff2             29.20 kB
dist/assets/ma-shan-zheng-52-400-normal-CZRsgXgM.woff2             29.30 kB
dist/assets/ma-shan-zheng-59-400-normal-CYuIPxEY.woff              29.38 kB
dist/assets/noto-serif-sc-80-600-normal-Cdid6_hz.woff              29.45 kB
dist/assets/ma-shan-zheng-26-400-normal-D2j6jEwT.woff              29.50 kB
dist/assets/ma-shan-zheng-60-400-normal-CnyqpUci.woff2             29.56 kB
dist/assets/ma-shan-zheng-64-400-normal-BISNxAP2.woff              29.63 kB
dist/assets/noto-serif-sc-73-600-normal-CbYPXTWi.woff2             29.65 kB
dist/assets/ma-shan-zheng-47-400-normal-BCbicZ6D.woff              29.73 kB
dist/assets/noto-serif-sc-51-400-normal-K2vB_amj.woff2             30.04 kB
dist/assets/ma-shan-zheng-77-400-normal-CWW4I8Dz.woff2             30.22 kB
dist/assets/ma-shan-zheng-55-400-normal-aYWOzsj8.woff              30.24 kB
dist/assets/ma-shan-zheng-63-400-normal-Bsq0Md3i.woff2             30.24 kB
dist/assets/ma-shan-zheng-78-400-normal-CZ43MNQN.woff              30.34 kB
dist/assets/noto-serif-sc-65-400-normal-Bk8SN5Oo.woff2             30.35 kB
dist/assets/noto-serif-sc-51-600-normal-nHUiYj73.woff2             30.49 kB
dist/assets/noto-serif-sc-118-400-normal-Bfp6vhGl.woff2            30.64 kB
dist/assets/noto-serif-sc-75-400-normal-C3rovZtN.woff2             30.71 kB
dist/assets/noto-serif-sc-36-400-normal-DEHcJKlW.woff2             30.72 kB
dist/assets/noto-serif-sc-79-400-normal-CAkm9YG8.woff2             30.74 kB
dist/assets/noto-serif-sc-43-400-normal-Dz2xm4_C.woff2             30.83 kB
dist/assets/ma-shan-zheng-48-400-normal-BKss4zs3.woff2             30.84 kB
dist/assets/noto-serif-sc-36-600-normal-Ducnbglz.woff2             30.84 kB
dist/assets/noto-serif-sc-83-400-normal-B4MQ4cnu.woff2             30.90 kB
dist/assets/noto-serif-sc-86-600-normal-CwWuoxt9.woff              30.92 kB
dist/assets/noto-serif-sc-65-600-normal-Bd9BN6aw.woff2             30.94 kB
dist/assets/noto-serif-sc-86-400-normal-C5ETPI3O.woff              31.01 kB
dist/assets/noto-serif-sc-79-600-normal-DVfmjx1b.woff2             31.08 kB
dist/assets/noto-serif-sc-75-600-normal-DsXXCaJ8.woff2             31.15 kB
dist/assets/noto-serif-sc-118-600-normal-DwffOh3i.woff2            31.18 kB
dist/assets/noto-serif-sc-43-600-normal-fdH3n3TW.woff2             31.24 kB
dist/assets/noto-serif-sc-83-600-normal-CxNt5b9H.woff2             31.27 kB
dist/assets/ma-shan-zheng-50-400-normal-CX9HOS83.woff2             31.33 kB
dist/assets/ma-shan-zheng-52-400-normal-C7lECWLE.woff              31.45 kB
dist/assets/ma-shan-zheng-61-400-normal-CLcpf1fs.woff2             31.66 kB
dist/assets/ma-shan-zheng-80-400-normal-DixRXGz0.woff2             31.78 kB
dist/assets/noto-serif-sc-60-400-normal-DR2IcHGH.woff2             31.86 kB
dist/assets/ma-shan-zheng-68-400-normal-MYUtXhFz.woff2             31.92 kB
dist/assets/noto-serif-sc-81-400-normal-CtmR2MQs.woff2             31.92 kB
dist/assets/ma-shan-zheng-60-400-normal-CBiihb0Q.woff              31.94 kB
dist/assets/noto-serif-sc-61-400-normal-LGTmzE8I.woff2             32.15 kB
dist/assets/noto-serif-sc-60-600-normal-D7VLrwpW.woff2             32.29 kB
dist/assets/noto-serif-sc-81-600-normal-a7j_jqcg.woff2             32.40 kB
dist/assets/ma-shan-zheng-63-400-normal-CTGtmr55.woff              32.40 kB
dist/assets/noto-serif-sc-55-400-normal-OR21fGsv.woff2             32.45 kB
dist/assets/ma-shan-zheng-77-400-normal-CiMNtknn.woff              32.50 kB
dist/assets/noto-serif-sc-61-600-normal-BqnnDMe4.woff2             32.52 kB
dist/assets/noto-serif-sc-82-400-normal-BYIYywsb.woff2             32.60 kB
dist/assets/noto-serif-sc-55-600-normal-BGp_sKT8.woff2             32.85 kB
dist/assets/noto-serif-sc-82-600-normal-qWSV0sqg.woff2             32.99 kB
dist/assets/noto-serif-sc-42-400-normal-CB0Lgo3r.woff2             33.12 kB
dist/assets/noto-serif-sc-71-400-normal-D7w4Y-ST.woff2             33.13 kB
dist/assets/noto-serif-sc-41-400-normal-DvPlSyax.woff              33.24 kB
dist/assets/ma-shan-zheng-48-400-normal-JL0v-DCO.woff              33.35 kB
dist/assets/noto-serif-sc-35-400-normal-CzfTX1U2.woff2             33.39 kB
dist/assets/noto-serif-sc-41-600-normal-CIvlTtvF.woff              33.42 kB
dist/assets/noto-serif-sc-42-600-normal-DNL8lEL-.woff2             33.43 kB
dist/assets/ma-shan-zheng-70-400-normal-CmqM6CFt.woff2             33.54 kB
dist/assets/noto-serif-sc-71-600-normal-IpCSs6ls.woff2             33.55 kB
dist/assets/ma-shan-zheng-50-400-normal-CoCj3KEc.woff              33.62 kB
dist/assets/noto-serif-sc-35-600-normal-DQYFY9nS.woff2             33.69 kB
dist/assets/noto-serif-sc-48-400-normal-BL8ILOHO.woff2             33.70 kB
dist/assets/noto-serif-sc-63-400-normal-Cwyt48md.woff2             33.80 kB
dist/assets/noto-serif-sc-31-400-normal-BnWU33m3.woff2             33.86 kB
dist/assets/noto-serif-sc-50-400-normal-CL92OsA_.woff2             33.91 kB
dist/assets/noto-serif-sc-34-400-normal-D9Gw4Yxs.woff2             33.96 kB
dist/assets/ma-shan-zheng-61-400-normal-BIEaBBFo.woff              34.00 kB
dist/assets/noto-serif-sc-27-400-normal-Y6AvStvM.woff2             34.05 kB
dist/assets/noto-serif-sc-63-600-normal-DS1bP-c2.woff2             34.05 kB
dist/assets/ma-shan-zheng-51-400-normal-DUprEmAD.woff2             34.06 kB
dist/assets/noto-serif-sc-77-400-normal-BDOOIIZq.woff              34.13 kB
dist/assets/noto-serif-sc-48-600-normal-Cgzk7A-m.woff2             34.17 kB
dist/assets/noto-serif-sc-31-600-normal-2BmGlKeS.woff2             34.20 kB
dist/assets/ma-shan-zheng-80-400-normal-gsR48Sty.woff              34.21 kB
dist/assets/ma-shan-zheng-27-400-normal-ByzWG_jb.woff2             34.23 kB
dist/assets/ma-shan-zheng-68-400-normal-DpTKhidO.woff              34.24 kB
dist/assets/noto-serif-sc-27-600-normal-DkUFPCZd.woff2             34.26 kB
dist/assets/noto-serif-sc-50-600-normal-DKHiFV3R.woff2             34.27 kB
dist/assets/noto-serif-sc-40-400-normal-BILW2C8W.woff2             34.36 kB
dist/assets/noto-serif-sc-34-600-normal-DKigZWC6.woff2             34.36 kB
dist/assets/noto-serif-sc-64-400-normal-CNC2ROq3.woff              34.36 kB
dist/assets/noto-serif-sc-77-600-normal-DtYSEeO8.woff              34.40 kB
dist/assets/noto-serif-sc-72-400-normal-B61Z4Jd8.woff2             34.46 kB
dist/assets/noto-serif-sc-40-600-normal-fcME6L_n.woff2             34.59 kB
dist/assets/noto-serif-sc-76-400-normal-DcB08CFh.woff2             34.61 kB
dist/assets/noto-serif-sc-64-600-normal-C1-RvBnL.woff              34.67 kB
dist/assets/noto-serif-sc-33-400-normal-D957xGZn.woff2             34.76 kB
dist/assets/noto-serif-sc-76-600-normal-CtcmdgJ2.woff2             34.99 kB
dist/assets/noto-serif-sc-72-600-normal-CFJRieib.woff2             35.01 kB
dist/assets/noto-serif-sc-117-400-normal-D2dRkkMi.woff2            35.09 kB
dist/assets/ma-shan-zheng-24-400-normal-CEpatdlW.woff2             35.17 kB
dist/assets/noto-serif-sc-70-400-normal-DxewSJu-.woff              35.24 kB
dist/assets/noto-serif-sc-33-600-normal-Cv7tiXLq.woff2             35.36 kB
dist/assets/noto-serif-sc-116-400-normal-7vFEeE2h.woff2            35.44 kB
dist/assets/noto-serif-sc-73-400-normal-D6bVPQjC.woff              35.46 kB
dist/assets/noto-serif-sc-117-600-normal-C8g97LXR.woff2            35.48 kB
dist/assets/noto-serif-sc-28-400-normal-CKZqodJm.woff2             35.52 kB
dist/assets/noto-serif-sc-32-400-normal-CO8YV2jx.woff2             35.63 kB
dist/assets/noto-serif-sc-37-400-normal-4EafqbAq.woff2             35.71 kB
dist/assets/noto-serif-sc-52-400-normal-wKOWPyMs.woff2             35.77 kB
dist/assets/noto-serif-sc-32-600-normal-DP-j0Lfs.woff2             35.93 kB
dist/assets/noto-serif-sc-28-600-normal-XaL8GGeQ.woff2             35.97 kB
dist/assets/noto-serif-sc-70-600-normal-Bxb1A2wb.woff              35.97 kB
dist/assets/noto-serif-sc-116-600-normal-49kpVL2K.woff2            36.00 kB
dist/assets/noto-serif-sc-52-600-normal-9RNk20kp.woff2             36.11 kB
dist/assets/noto-serif-sc-73-600-normal-DKp6D5NE.woff              36.12 kB
dist/assets/noto-serif-sc-37-600-normal-McTCeQzZ.woff2             36.21 kB
dist/assets/noto-serif-sc-53-400-normal-C2iSoIjP.woff              36.26 kB
dist/assets/ma-shan-zheng-70-400-normal-CaMZyWcc.woff              36.28 kB
dist/assets/noto-serif-sc-59-400-normal-CeSjNpXe.woff2             36.42 kB
dist/assets/ma-shan-zheng-53-400-normal-Bd1hPZUh.woff2             36.48 kB
dist/assets/noto-serif-sc-66-400-normal-ZUojjDZW.woff2             36.50 kB
dist/assets/noto-serif-sc-54-400-normal-fnBxYYH4.woff2             36.66 kB
dist/assets/ma-shan-zheng-67-400-normal-Cb4mQ1bI.woff2             36.67 kB
dist/assets/ma-shan-zheng-27-400-normal-DN_SpmZx.woff              36.67 kB
dist/assets/ma-shan-zheng-51-400-normal--rvE39QK.woff              36.74 kB
dist/assets/noto-serif-sc-59-600-normal-Cira1fIq.woff2             36.78 kB
dist/assets/noto-serif-sc-53-600-normal-jQjopl-t.woff              36.80 kB
dist/assets/noto-serif-sc-66-600-normal-DSrxtfqE.woff2             36.86 kB
dist/assets/noto-serif-sc-54-600-normal-B_o-8ntD.woff2             36.97 kB
dist/assets/ma-shan-zheng-79-400-normal-DBBvZJbW.woff2             37.00 kB
dist/assets/noto-serif-sc-51-400-normal-C4jmNGih.woff              37.00 kB
dist/assets/noto-serif-sc-56-400-normal-VKrJZN4n.woff2             37.06 kB
dist/assets/noto-serif-sc-49-400-normal-DzLACwr8.woff2             37.08 kB
dist/assets/noto-serif-sc-78-400-normal-Ciy80LJH.woff2             37.10 kB
dist/assets/noto-serif-sc-49-600-normal-vldr0UIr.woff2             37.20 kB
dist/assets/ma-shan-zheng-37-400-normal-WZrfOB2d.woff2             37.41 kB
dist/assets/noto-serif-sc-51-600-normal-C-Xhd3d0.woff              37.46 kB
dist/assets/noto-serif-sc-26-400-normal-BSzuGlng.woff2             37.52 kB
dist/assets/noto-serif-sc-56-600-normal-DT8nGt-C.woff2             37.55 kB
dist/assets/noto-serif-sc-78-600-normal-BusMfsVJ.woff2             37.57 kB
dist/assets/noto-serif-sc-68-400-normal-DoS_fRDb.woff              37.58 kB
dist/assets/noto-serif-sc-67-400-normal-C1Oz0pFt.woff2             37.66 kB
dist/assets/ma-shan-zheng-24-400-normal-DCuXcJ-s.woff              37.66 kB
dist/assets/noto-serif-sc-39-400-normal-DBlVs41-.woff2             37.82 kB
dist/assets/noto-serif-sc-44-400-normal-KrwQkVb4.woff2             37.97 kB
dist/assets/noto-serif-sc-65-400-normal-FuQ_YTeR.woff              38.00 kB
dist/assets/noto-serif-sc-79-400-normal-DE5BN0VT.woff              38.07 kB
dist/assets/noto-serif-sc-68-600-normal-CD6N2EHW.woff              38.07 kB
dist/assets/noto-serif-sc-29-400-normal-lQml1r-l.woff2             38.11 kB
dist/assets/noto-serif-sc-39-600-normal-D0Q8YpL5.woff2             38.12 kB
dist/assets/noto-serif-sc-26-600-normal-cWrhG_Uf.woff2             38.14 kB
dist/assets/noto-serif-sc-115-400-normal-CuUHU_AH.woff2            38.14 kB
dist/assets/ma-shan-zheng-41-400-normal-DQRiPSue.woff2             38.38 kB
dist/assets/noto-serif-sc-67-600-normal-DhJqqc0a.woff2             38.40 kB
dist/assets/noto-serif-sc-69-400-normal-DrCsa2Sr.woff2             38.46 kB
dist/assets/noto-serif-sc-44-600-normal-DAMFuI24.woff2             38.49 kB
dist/assets/ma-shan-zheng-43-400-normal-3MTrFVRW.woff2             38.50 kB
dist/assets/noto-serif-sc-115-600-normal-D69YZdgh.woff2            38.58 kB
dist/assets/noto-serif-sc-79-600-normal-BHbanJa9.woff              38.64 kB
dist/assets/noto-serif-sc-29-600-normal-8lGnoht7.woff2             38.65 kB
dist/assets/noto-serif-sc-65-600-normal-s7c8n2f1.woff              38.76 kB
dist/assets/ma-shan-zheng-33-400-normal-CkhbMxtx.woff2             38.76 kB
dist/assets/noto-serif-sc-69-600-normal-rb2BrEVf.woff2             38.81 kB
dist/assets/noto-serif-sc-47-400-normal-BImRhQuH.woff2             38.90 kB
dist/assets/noto-serif-sc-43-400-normal-DP4WLXWZ.woff              39.00 kB
dist/assets/noto-serif-sc-83-400-normal-DsgIWuPW.woff              39.03 kB
dist/assets/noto-serif-sc-57-400-normal-C6PkFoaO.woff2             39.08 kB
dist/assets/noto-serif-sc-23-400-normal-CAhTnGkw.woff2             39.09 kB
dist/assets/noto-serif-sc-81-400-normal-CtxTT4sp.woff              39.16 kB
dist/assets/noto-serif-sc-118-400-normal-DhE6QjRl.woff             39.17 kB
dist/assets/ma-shan-zheng-67-400-normal-KG00Ez7H.woff              39.18 kB
dist/assets/ma-shan-zheng-53-400-normal-CyWhvsFa.woff              39.18 kB
dist/assets/noto-serif-sc-47-600-normal-Dt6vpqbe.woff2             39.23 kB
dist/assets/noto-serif-sc-114-400-normal-BByM65_k.woff2            39.36 kB
dist/assets/noto-serif-sc-118-600-normal-KajFUu8n.woff             39.44 kB
dist/assets/noto-serif-sc-74-400-normal-BwgdtHTO.woff2             39.46 kB
dist/assets/noto-serif-sc-36-400-normal-DzIB99-Z.woff              39.47 kB
dist/assets/noto-serif-sc-60-400-normal-DCxCvisb.woff              39.55 kB
dist/assets/noto-serif-sc-57-600-normal-Cgb0wYNl.woff2             39.56 kB
dist/assets/noto-serif-sc-83-600-normal-CLZehAUC.woff              39.60 kB
dist/assets/noto-serif-sc-43-600-normal-Dr1OslfX.woff              39.60 kB
dist/assets/noto-serif-sc-23-600-normal-uiZnJP_P.woff2             39.64 kB
dist/assets/noto-serif-sc-38-400-normal-LeDesBQa.woff2             39.68 kB
dist/assets/ma-shan-zheng-79-400-normal-RpWhpIoc.woff              39.70 kB
dist/assets/noto-serif-sc-81-600-normal-Du7JGDyA.woff              39.72 kB
dist/assets/ma-shan-zheng-40-400-normal-Ce6bnzNs.woff2             39.76 kB
dist/assets/ma-shan-zheng-29-400-normal-DRWBoeMf.woff2             39.80 kB
dist/assets/noto-serif-sc-113-400-normal-mBNpFg1t.woff2            39.83 kB
dist/assets/noto-serif-sc-60-600-normal-DcXdliJX.woff              39.83 kB
dist/assets/noto-serif-sc-114-600-normal-C-hrBGSG.woff2            39.85 kB
dist/assets/noto-serif-sc-74-600-normal-CB3LHEvz.woff2             39.92 kB
dist/assets/noto-serif-sc-112-400-normal-Bjzy25E6.woff2            39.95 kB
dist/assets/noto-serif-sc-38-600-normal-CJ3lCqLY.woff2             39.99 kB
dist/assets/ma-shan-zheng-37-400-normal-CeTe52TB.woff              40.04 kB
dist/assets/ma-shan-zheng-42-400-normal-B_7OVB1Y.woff2             40.05 kB
dist/assets/noto-serif-sc-61-400-normal-CpCTNXqd.woff              40.09 kB
dist/assets/noto-serif-sc-82-400-normal-D-Y3fdhA.woff              40.14 kB
dist/assets/noto-serif-sc-36-600-normal-DGK1YyF8.woff              40.30 kB
dist/assets/noto-serif-sc-30-400-normal-O7SnWSLf.woff2             40.41 kB
dist/assets/noto-serif-sc-112-600-normal-Duud2wIz.woff2            40.45 kB
dist/assets/noto-serif-sc-113-600-normal-YtVfFfTz.woff2            40.46 kB
dist/assets/noto-serif-sc-82-600-normal-DCFrz86S.woff              40.58 kB
dist/assets/noto-serif-sc-42-400-normal-B9pcEbt_.woff              40.61 kB
dist/assets/noto-serif-sc-61-600-normal-CxDK0kLI.woff              40.69 kB
dist/assets/noto-serif-sc-30-600-normal-C9Y_cE8D.woff2             40.70 kB
dist/assets/noto-serif-sc-46-600-normal-BYbgSWBW.woff2             40.76 kB
dist/assets/noto-serif-sc-46-400-normal-Cbp-mPea.woff2             40.77 kB
dist/assets/noto-serif-sc-25-400-normal-aJ-D48u6.woff2             41.09 kB
dist/assets/noto-serif-sc-101-400-normal-BHVnbrAJ.woff2            41.15 kB
dist/assets/noto-serif-sc-42-600-normal-B76atbEX.woff              41.20 kB
dist/assets/ma-shan-zheng-43-400-normal-OHrztY5Q.woff              41.27 kB
dist/assets/ma-shan-zheng-41-400-normal-BiegFF_y.woff              41.33 kB
dist/assets/noto-serif-sc-71-400-normal-7WUbw2Up.woff              41.36 kB
dist/assets/ma-shan-zheng-34-400-normal-CTdy_jnU.woff2             41.41 kB
dist/assets/ma-shan-zheng-33-400-normal-onBDi2nq.woff              41.44 kB
dist/assets/noto-serif-sc-25-600-normal-BrYZKcM-.woff2             41.50 kB
dist/assets/noto-serif-sc-55-400-normal-uM-BxExI.woff              41.56 kB
dist/assets/noto-serif-sc-35-400-normal-CaBXy4YI.woff              41.59 kB
dist/assets/noto-serif-sc-101-600-normal-Ys4oPPtJ.woff2            41.68 kB
dist/assets/noto-serif-sc-107-400-normal-DgdGrCd2.woff2            41.80 kB
dist/assets/noto-serif-sc-109-400-normal-D28QVX73.woff2            41.81 kB
dist/assets/noto-serif-sc-71-600-normal-j4RvFT4c.woff              41.85 kB
dist/assets/noto-serif-sc-110-400-normal-DjH-orF3.woff2            41.87 kB
dist/assets/noto-serif-sc-62-400-normal-gHAN3JT1.woff2             41.95 kB
dist/assets/noto-serif-sc-55-600-normal-DGske1mT.woff              42.02 kB
dist/assets/noto-serif-sc-27-400-normal-YG7jerKC.woff              42.14 kB
dist/assets/noto-serif-sc-102-400-normal-No9wpYJV.woff2            42.16 kB
dist/assets/noto-serif-sc-72-400-normal-DTcikgpd.woff              42.17 kB
dist/assets/noto-serif-sc-62-600-normal-jrKoNELA.woff2             42.26 kB
dist/assets/noto-serif-sc-109-600-normal-DdK0MDGP.woff2            42.29 kB
dist/assets/noto-serif-sc-35-600-normal-Djtz0PS3.woff              42.34 kB
dist/assets/noto-serif-sc-107-600-normal-D0j9nGe7.woff2            42.40 kB
dist/assets/noto-serif-sc-75-400-normal-Cag45BRP.woff              42.42 kB
dist/assets/noto-serif-sc-110-600-normal-cKCRFN_s.woff2            42.48 kB
dist/assets/noto-serif-sc-50-400-normal-B7IwtXyc.woff              42.51 kB
dist/assets/noto-serif-sc-34-400-normal-Bw6FYa8q.woff              42.55 kB
dist/assets/noto-serif-sc-104-400-normal-CpyjTWhh.woff2            42.61 kB
dist/assets/ma-shan-zheng-29-400-normal-CtacNhF0.woff              42.64 kB
dist/assets/noto-serif-sc-102-600-normal-BmVzeMTm.woff2            42.66 kB
dist/assets/noto-serif-sc-75-600-normal-WzN9JMBq.woff              42.68 kB
dist/assets/noto-serif-sc-63-400-normal-BQUh92zr.woff              42.69 kB
dist/assets/ma-shan-zheng-40-400-normal-CRVoJsjK.woff              42.71 kB
dist/assets/noto-serif-sc-111-400-normal-B4UjboLF.woff2            42.72 kB
dist/assets/noto-serif-sc-105-400-normal-BHHNimkF.woff2            42.78 kB
dist/assets/noto-serif-sc-32-400-normal-DAUiD5kd.woff              42.82 kB
dist/assets/ma-shan-zheng-32-400-normal-BlbBlVOg.woff2             42.82 kB
dist/assets/noto-serif-sc-27-600-normal-BN2jomxJ.woff              42.91 kB
dist/assets/noto-serif-sc-50-600-normal-BXZUtCHC.woff              42.92 kB
dist/assets/noto-serif-sc-63-600-normal-Bcn-YilJ.woff              42.95 kB
dist/assets/noto-serif-sc-72-600-normal-DnOS091c.woff              42.96 kB
dist/assets/ma-shan-zheng-42-400-normal-D_Xi5o8P.woff              42.96 kB
dist/assets/noto-serif-sc-106-400-normal-Y8T38z4b.woff2            43.14 kB
dist/assets/noto-serif-sc-104-600-normal-3k-EiYVy.woff2            43.20 kB
dist/assets/noto-serif-sc-111-600-normal-XLxRoWaL.woff2            43.22 kB
dist/assets/noto-serif-sc-40-400-normal-CX_rcE-F.woff              43.23 kB
dist/assets/noto-serif-sc-58-400-normal-DVaM_vK5.woff2             43.32 kB
dist/assets/noto-serif-sc-48-400-normal-3hHS5RN8.woff              43.33 kB
dist/assets/noto-serif-sc-31-400-normal-CcCxQ-ZV.woff              43.43 kB
dist/assets/noto-serif-sc-33-400-normal-D_CzfcJD.woff              43.44 kB
dist/assets/noto-serif-sc-105-600-normal-CCTiQ5qX.woff2            43.45 kB
dist/assets/noto-serif-sc-34-600-normal-CMRkVNzB.woff              43.52 kB
dist/assets/noto-serif-sc-32-600-normal-cOJA42KT.woff              43.52 kB
dist/assets/noto-serif-sc-31-600-normal-CgRfoUIG.woff              43.59 kB
dist/assets/noto-serif-sc-76-400-normal-CCrJqsLa.woff              43.69 kB
dist/assets/noto-serif-sc-40-600-normal-DnIF4UAp.woff              43.71 kB
dist/assets/noto-serif-sc-106-600-normal-BJ7RqBay.woff2            43.74 kB
dist/assets/noto-serif-sc-24-400-normal-DWWywIBv.woff2             43.75 kB
dist/assets/noto-serif-sc-58-600-normal-BqYlXKg9.woff2             43.83 kB
dist/assets/noto-serif-sc-108-400-normal-DCLtaPv5.woff2            43.85 kB
dist/assets/ma-shan-zheng-23-400-normal-Dku7NrV-.woff2             43.90 kB
dist/assets/noto-serif-sc-76-600-normal-B7AFa0rQ.woff              44.22 kB
dist/assets/noto-serif-sc-48-600-normal-C95hAT1H.woff              44.22 kB
dist/assets/noto-serif-sc-24-600-normal-CwutompM.woff2             44.26 kB
dist/assets/noto-serif-sc-117-400-normal-DlO6S6v_.woff             44.33 kB
dist/assets/ma-shan-zheng-34-400-normal-YIyq8RJ5.woff              44.33 kB
dist/assets/noto-serif-sc-116-400-normal-fM3VYmdT.woff             44.38 kB
dist/assets/noto-serif-sc-108-600-normal-CwDLTI0X.woff2            44.40 kB
dist/assets/noto-serif-sc-33-600-normal-DVvQFaBK.woff              44.43 kB
dist/assets/noto-serif-sc-103-400-normal-b3eASUCI.woff2            44.44 kB
dist/assets/noto-serif-sc-28-400-normal-CP0gfG9m.woff              44.46 kB
dist/assets/noto-serif-sc-22-400-normal-BA2TjkoN.woff2             44.63 kB
dist/assets/noto-serif-sc-100-400-normal-B08sJxsw.woff2            44.74 kB
dist/assets/noto-serif-sc-117-600-normal-DrYDeaAJ.woff             44.77 kB
dist/assets/noto-serif-sc-116-600-normal-DEEl2Uj7.woff             44.92 kB
dist/assets/noto-serif-sc-28-600-normal-Bs30I99c.woff              44.93 kB
dist/assets/noto-serif-sc-52-400-normal-BmB6v4O1.woff              44.99 kB
dist/assets/noto-serif-sc-37-400-normal-CpHUExLk.woff              45.04 kB
dist/assets/noto-serif-sc-103-600-normal-DpH6oHB8.woff2            45.06 kB
dist/assets/noto-serif-sc-22-600-normal-D5jlEshw.woff2             45.16 kB
dist/assets/noto-serif-sc-100-600-normal-uh_IoJFx.woff2            45.19 kB
dist/assets/noto-serif-sc-54-400-normal-3BUfOg82.woff              45.38 kB
dist/assets/noto-serif-sc-59-400-normal-DnmIRgdu.woff              45.39 kB
dist/assets/noto-serif-sc-52-600-normal-DtKIeM_6.woff              45.65 kB
dist/assets/noto-serif-sc-59-600-normal-C-nXHi1d.woff              45.68 kB
dist/assets/noto-serif-sc-37-600-normal-DjEfSzt1.woff              45.69 kB
dist/assets/noto-serif-sc-78-400-normal-B830jf8H.woff              45.73 kB
dist/assets/noto-serif-sc-54-600-normal-BPFDQXfv.woff              45.96 kB
dist/assets/ma-shan-zheng-32-400-normal-egf0eaUy.woff              45.97 kB
dist/assets/noto-serif-sc-66-400-normal-CdLw0y3u.woff              46.01 kB
dist/assets/noto-serif-sc-26-400-normal-D9_XIXqz.woff              46.16 kB
dist/assets/noto-serif-sc-78-600-normal-BqkDiVax.woff              46.31 kB
dist/assets/ma-shan-zheng-39-400-normal-WgKvNLwK.woff2             46.31 kB
dist/assets/noto-serif-sc-66-600-normal-B7M8u89Z.woff              46.47 kB
dist/assets/noto-serif-sc-39-400-normal-BJLDioMS.woff              46.52 kB
dist/assets/ma-shan-zheng-35-400-normal-CLFLwDfK.woff2             46.90 kB
dist/assets/noto-serif-sc-26-600-normal-CZYxwYX-.woff              47.11 kB
dist/assets/noto-serif-sc-49-400-normal-_2zR6MpX.woff              47.20 kB
dist/assets/noto-serif-sc-39-600-normal-uuD0bLKt.woff              47.22 kB
dist/assets/noto-serif-sc-56-400-normal-IgYSFXUZ.woff              47.31 kB
dist/assets/ma-shan-zheng-23-400-normal-BiF9IL8j.woff              47.40 kB
dist/assets/noto-serif-sc-44-400-normal-CCFe1DC7.woff              47.49 kB
dist/assets/noto-serif-sc-115-400-normal-DofJcBb8.woff             47.66 kB
dist/assets/noto-serif-sc-49-600-normal-BXMLxxq6.woff              47.73 kB
dist/assets/noto-serif-sc-45-400-normal-BBf5fyo-.woff2             47.98 kB
dist/assets/noto-serif-sc-56-600-normal-CSYKyWdB.woff              48.04 kB
dist/assets/noto-serif-sc-29-400-normal-71QTonIa.woff              48.11 kB
dist/assets/noto-serif-sc-115-600-normal-LLF4Lw2Q.woff             48.21 kB
dist/assets/noto-serif-sc-45-600-normal-w-zsCBKj.woff2             48.42 kB
dist/assets/noto-serif-sc-44-600-normal-BtuBxRsU.woff              48.42 kB
dist/assets/noto-serif-sc-67-400-normal-BL0gGUVx.woff              48.49 kB
dist/assets/noto-serif-sc-29-600-normal-B8qFBPAN.woff              48.54 kB
dist/assets/noto-serif-sc-38-400-normal-D1fvK1Lz.woff              48.90 kB
dist/assets/noto-serif-sc-57-400-normal-28J4-NL8.woff              48.98 kB
dist/assets/noto-serif-sc-23-400-normal-Bhjx5-IU.woff              49.02 kB
dist/assets/noto-serif-sc-114-400-normal-DxxNeW2b.woff             49.11 kB
dist/assets/noto-serif-sc-67-600-normal-2GhgZmDb.woff              49.28 kB
dist/assets/noto-serif-sc-114-600-normal-bVjl41Tf.woff             49.42 kB
dist/assets/noto-serif-sc-69-400-normal-DW7MccH-.woff              49.57 kB
dist/assets/noto-serif-sc-38-600-normal-CznsBx4K.woff              49.57 kB
dist/assets/noto-serif-sc-57-600-normal-rqGE0_mL.woff              49.70 kB
dist/assets/noto-serif-sc-47-400-normal-DqlubpD4.woff              49.77 kB
dist/assets/ma-shan-zheng-39-400-normal-CSTC5bJb.woff              49.81 kB
dist/assets/noto-serif-sc-113-400-normal-B5I_XZRF.woff             49.97 kB
dist/assets/noto-serif-sc-112-400-normal-D1rVYeeD.woff             50.00 kB
dist/assets/noto-serif-sc-23-600-normal-ng-dV9Hd.woff              50.14 kB
dist/assets/noto-serif-sc-69-600-normal-C7k0bY5l.woff              50.34 kB
dist/assets/noto-serif-sc-112-600-normal-BXOT4IRd.woff             50.34 kB
dist/assets/noto-serif-sc-113-600-normal-DpX-J6IX.woff             50.41 kB
dist/assets/ma-shan-zheng-35-400-normal-BL5Pqb4-.woff              50.42 kB
dist/assets/ma-shan-zheng-44-400-normal-5vci4F77.woff2             50.60 kB
dist/assets/noto-serif-sc-47-600-normal-ClX6HxDM.woff              50.76 kB
dist/assets/noto-serif-sc-74-400-normal-w_wOFZnV.woff              51.41 kB
dist/assets/noto-serif-sc-101-400-normal-ClagVk5k.woff             51.54 kB
dist/assets/noto-serif-sc-46-400-normal-hWEdnehb.woff              51.55 kB
dist/assets/noto-serif-sc-25-400-normal-aerp2ldR.woff              51.60 kB
dist/assets/noto-serif-sc-46-600-normal-BZT-Z_qL.woff              51.95 kB
dist/assets/noto-serif-sc-101-600-normal-2GhDPa64.woff             52.08 kB
dist/assets/noto-serif-sc-109-400-normal-DZfFYQd2.woff             52.10 kB
dist/assets/noto-serif-sc-74-600-normal-BKOA1Wry.woff              52.19 kB
dist/assets/noto-serif-sc-62-400-normal-Bb3IZbiX.woff              52.28 kB
dist/assets/noto-serif-sc-107-400-normal-BK2p9CkQ.woff             52.31 kB
dist/assets/noto-serif-sc-102-400-normal-Ct9TTbuC.woff             52.31 kB
dist/assets/noto-serif-sc-110-400-normal-CkRzubdd.woff             52.34 kB
dist/assets/noto-serif-sc-109-600-normal-Dze0SI9v.woff             52.52 kB
dist/assets/noto-serif-sc-30-400-normal-C-R-n1F4.woff              52.56 kB
dist/assets/noto-serif-sc-25-600-normal-3IUkC0Iv.woff              52.83 kB
dist/assets/noto-serif-sc-104-400-normal-msifyNEb.woff             52.92 kB
dist/assets/noto-serif-sc-110-600-normal-44VGnLkx.woff             52.97 kB
dist/assets/noto-serif-sc-102-600-normal-Dv35JvcO.woff             52.98 kB
dist/assets/noto-serif-sc-107-600-normal-BwUVN0EW.woff             53.07 kB
dist/assets/noto-serif-sc-62-600-normal-BHki2drM.woff              53.16 kB
dist/assets/noto-serif-sc-30-600-normal-3HuH6t7W.woff              53.20 kB
dist/assets/noto-serif-sc-105-400-normal-Dx61mCbh.woff             53.52 kB
dist/assets/noto-serif-sc-111-400-normal-Cp1h5ucT.woff             53.56 kB
dist/assets/noto-serif-sc-104-600-normal-C4fff-fj.woff             53.58 kB
dist/assets/noto-serif-sc-119-400-normal-DAVjKato.woff2            53.69 kB
dist/assets/noto-serif-sc-106-400-normal-rrNvA2Dr.woff             53.98 kB
dist/assets/noto-serif-sc-58-400-normal-DVkyRiXI.woff              54.01 kB
dist/assets/noto-serif-sc-111-600-normal-5mjL32C9.woff             54.01 kB
dist/assets/noto-serif-sc-105-600-normal-BNBEItVT.woff             54.02 kB
dist/assets/ma-shan-zheng-44-400-normal-CZ2SiCb0.woff              54.21 kB
dist/assets/ma-shan-zheng-28-400-normal-BGzT1hSN.woff2             54.22 kB
dist/assets/noto-serif-sc-108-400-normal-C5TEOnuU.woff             54.50 kB
dist/assets/ma-shan-zheng-22-400-normal-Bnx83RUd.woff2             54.55 kB
dist/assets/noto-serif-sc-106-600-normal-D3lg0MkT.woff             54.56 kB
dist/assets/noto-serif-sc-119-600-normal-D5qeL6rC.woff2            54.66 kB
dist/assets/noto-serif-sc-108-600-normal-njKn1CWj.woff             54.94 kB
dist/assets/noto-serif-sc-22-400-normal-Gc-YLahM.woff              54.96 kB
dist/assets/noto-serif-sc-58-600-normal-CnBT472x.woff              54.98 kB
dist/assets/noto-serif-sc-24-400-normal-DcjzhRQn.woff              55.08 kB
dist/assets/ma-shan-zheng-38-400-normal-BgmbWbNP.woff2             55.11 kB
dist/assets/noto-serif-sc-103-400-normal-Dla-RUWs.woff             55.27 kB
dist/assets/noto-serif-sc-103-600-normal-aJy0RLqC.woff             55.85 kB
dist/assets/noto-serif-sc-22-600-normal-BO3-pVoG.woff              55.93 kB
dist/assets/noto-serif-sc-100-400-normal-aBeyOr_K.woff             55.96 kB
dist/assets/noto-serif-sc-24-600-normal-5naS3mOj.woff              56.08 kB
dist/assets/noto-serif-sc-100-600-normal-D0qqf2FH.woff             56.63 kB
dist/assets/ma-shan-zheng-28-400-normal-uvezBYf4.woff              58.08 kB
dist/assets/ma-shan-zheng-22-400-normal-CuSn8UbJ.woff              58.36 kB
dist/assets/ma-shan-zheng-38-400-normal-DuOY5Rjj.woff              59.43 kB
dist/assets/noto-serif-sc-45-400-normal-DoRuN2zR.woff              59.98 kB
dist/assets/noto-serif-sc-45-600-normal-BD0I3MMN.woff              61.16 kB
dist/assets/noto-serif-sc-119-400-normal-BSthECwz.woff             69.21 kB
dist/assets/ma-shan-zheng-118-400-normal-DUpCnAE3.woff2            69.87 kB
dist/assets/noto-serif-sc-119-600-normal-B9ePibdf.woff             70.30 kB
dist/assets/ma-shan-zheng-118-400-normal-CgbHZtpe.woff             75.44 kB
dist/assets/ma-shan-zheng-117-400-normal-DuWgqkoK.woff2            77.40 kB
dist/assets/ma-shan-zheng-116-400-normal-DYmi2Upu.woff2            78.75 kB
dist/assets/ma-shan-zheng-101-400-normal-BlQt8ghW.woff2            79.42 kB
dist/assets/ma-shan-zheng-102-400-normal-Wir9bez9.woff2            80.41 kB
dist/assets/ma-shan-zheng-115-400-normal-CjIYXnrw.woff2            82.23 kB
dist/assets/ma-shan-zheng-100-400-normal-EEqD4VYS.woff2            83.26 kB
dist/assets/ma-shan-zheng-117-400-normal-B7Aiv8Ka.woff             83.42 kB
dist/assets/ma-shan-zheng-114-400-normal-D0wuXWrt.woff2            84.53 kB
dist/assets/ma-shan-zheng-103-400-normal-Bh2gspbd.woff2            84.68 kB
dist/assets/ma-shan-zheng-116-400-normal-B43nvaWM.woff             84.83 kB
dist/assets/ma-shan-zheng-101-400-normal-M_h4oNIu.woff             85.64 kB
dist/assets/ma-shan-zheng-104-400-normal-BXiXMG1U.woff2            85.94 kB
dist/assets/ma-shan-zheng-102-400-normal-7KgJGd8D.woff             86.68 kB
dist/assets/ma-shan-zheng-113-400-normal-DZwXSQu4.woff2            86.87 kB
dist/assets/ma-shan-zheng-112-400-normal-CTGgOAxv.woff2            88.39 kB
dist/assets/ma-shan-zheng-110-400-normal-KRw4KKCH.woff2            88.43 kB
dist/assets/ma-shan-zheng-115-400-normal-B2TOCjDK.woff             88.84 kB
dist/assets/ma-shan-zheng-109-400-normal-Drv27Iag.woff2            89.23 kB
dist/assets/ma-shan-zheng-107-400-normal-DzWjcP55.woff2            89.90 kB
dist/assets/ma-shan-zheng-100-400-normal-CWrsEjQY.woff             89.91 kB
dist/assets/ma-shan-zheng-105-400-normal-CBO_ATx9.woff2            90.02 kB
dist/assets/ma-shan-zheng-106-400-normal-DjJ0rENf.woff2            90.73 kB
dist/assets/ma-shan-zheng-114-400-normal-CCTrt-3m.woff             91.24 kB
dist/assets/ma-shan-zheng-103-400-normal-CAJemtgd.woff             91.34 kB
dist/assets/ma-shan-zheng-108-400-normal-BbcBzBe6.woff2            91.90 kB
dist/assets/ma-shan-zheng-111-400-normal-C4Jq75kd.woff2            92.21 kB
dist/assets/ma-shan-zheng-104-400-normal-DH250VWL.woff             92.87 kB
dist/assets/ma-shan-zheng-113-400-normal-CckujPzq.woff             93.68 kB
dist/assets/ma-shan-zheng-112-400-normal-DerzmDUK.woff             95.38 kB
dist/assets/ma-shan-zheng-110-400-normal-CgDa0Yry.woff             95.52 kB
dist/assets/ma-shan-zheng-109-400-normal-CIGSh9QT.woff             96.32 kB
dist/assets/ma-shan-zheng-107-400-normal-CNse9qMe.woff             96.97 kB
dist/assets/ma-shan-zheng-105-400-normal-C-fwQtFX.woff             97.09 kB
dist/assets/ma-shan-zheng-106-400-normal-DNWux23z.woff             97.91 kB
dist/assets/ma-shan-zheng-108-400-normal-BYV4IWE-.woff             99.11 kB
dist/assets/ma-shan-zheng-111-400-normal-CySMxycy.woff             99.51 kB
dist/assets/InkWorld-CYkuPlsm.css                                   3.31 kB │ gzip:   1.18 kB
dist/assets/SpatialTree-CpJblPye.css                                3.99 kB │ gzip:   1.24 kB
dist/assets/ScrollScene-B06F59Ag.css                               16.39 kB │ gzip:   3.66 kB
dist/assets/index-CyDh4H4A.css                                    398.72 kB │ gzip: 163.43 kB
dist/assets/extends-CF3RwP-h.js                                     0.23 kB │ gzip:   0.19 kB
dist/assets/Play.es-BR7LF-Pk.js                                     4.47 kB │ gzip:   1.23 kB
dist/assets/InkWorld-BKvliq2d.js                                   10.78 kB │ gzip:   4.73 kB
dist/assets/ScrollScene-DrcVklKK.js                               194.76 kB │ gzip:  65.08 kB
dist/assets/SpatialTree-D5PMV7FD.js                               733.29 kB │ gzip: 210.87 kB
dist/assets/index-BSVk8so1.js                                   1,167.59 kB │ gzip: 336.29 kB

(!) Some chunks are larger than 500 kB after minification. Consider:
- Using dynamic import() to code-split the application
- Use build.rollupOptions.output.manualChunks to improve chunking: https://rollupjs.org/configuration-options/#output-manualchunks
- Adjust chunk size limit for this warning via build.chunkSizeWarningLimit.
✓ built in 4.25s
